component = "fizzbuzz_zig"
trace = "trace.json"
stdout = "stdout.txt"
stderr = "stderr.txt"
