🎲 FizzBuzz Randomizer started at timestamp: 1760638928053
✨ Finished at timestamp: 1760638928056
