Benchmarking bigint_multiply_fib100
Benchmarking bigint_multiply_fib100: Analyzing
Benchmarking bigint_fibonacci_50
Benchmarking bigint_fibonacci_50: Analyzing
