{
  "events": [
    {
      "call": "environment",
      "entries": []
    },
    {
      "call": "random_bytes",
      "bytes": [
        34,
        172,
        243,
        73,
        253,
        156,
        108,
        147,
        20,
        60,
        217,
        84,
        174,
        229,
        85,
        83
      ]
    },
    {
      "call": "arguments",
      "args": [
        "bench_num.wasm",
        "--bench",
        "--quick",
        "--discard-baseline"
      ]
    },
    {
      "call": "arguments",
      "args": [
        "bench_num.wasm",
        "--bench",
        "--quick",
        "--discard-baseline"
      ]
    },
    {
      "call": "clock_now",
      "seconds": 1760634164,
      "nanoseconds": 59712000
    },
    {
      "call": "arguments",
      "args": [
        "bench_num.wasm",
        "--bench",
        "--quick",
        "--discard-baseline"
      ]
    },
    {
      "call": "arguments",
      "args": [
        "bench_num.wasm",
        "--bench",
        "--quick",
        "--discard-baseline"
      ]
    }
  ]
}