component = "read_stdin"
trace = "trace.json"
stdout = "stdout.txt"
stderr = "stderr.txt"
