read 17 bytes from stdin
stdin content: hello from stdin\n
