{"events":[
{"call":"stdin_read","bytes":[72,101,108,108,111,32,102,114,111,109,32,115,116,100,105,110,32,116,101,115,116,92,33,10]}
]}