component = "hello_python"
trace = "trace.json"
stdout = "stdout.txt"
stderr = "stderr.txt"
