component = "fetch_quote"
trace = "trace.json"
stdout = "stdout.txt"
stderr = "stderr.txt"
must_fail = true  # HTTP responses are not yet recorded/replayed, making this test non-deterministic