component = "print_random"
trace = "trace.json"
stdout = "stdout.txt"
stderr = "stderr.txt"