{
  "events": [
    {
      "call": "random_u64",
      "value": 14013583588682814548
    },
    {
      "call": "random_u64",
      "value": 3015041697219376532
    },
    {
      "call": "random_u64",
      "value": 3929464615164054436
    },
    {
      "call": "random_u64",
      "value": 7967119644490298115
    }
  ]
}