{
  "events": [
    {
      "call": "environment",
      "entries": []
    },
    {
      "call": "arguments",
      "args": [
        "hello_haskell.wasm"
      ]
    },
    {
      "call": "arguments",
      "args": [
        "hello_haskell.wasm"
      ]
    },
    {
      "call": "exit",
      "code": 0
    }
  ]
}