component = "print_time"
trace = "trace.json"
stdout = "stdout.txt"
stderr = "stderr.txt"
