component = "counts"
trace = "trace.json"
stdout = "stdout.txt"
stderr = "stderr.txt"