{
  "events": [
    {
      "call": "arguments",
      "args": [
        "counts.wasm",
        "--help"
      ]
    },
    {
      "call": "arguments",
      "args": [
        "counts.wasm",
        "--help"
      ]
    }
  ]
}