component = "c_hello_world"
trace = "trace.json"
stdout = "stdout.txt"
stderr = "stderr.txt"
