component = "js_wordstats"
trace = "trace.json"
stdout = "stdout.txt"
stderr = "stderr.txt"
