ðŸŽ¯ JavaScript Word Statistics Analyzer
==================================================

ðŸ“Š Summary:
   Total words: 39
   Unique words: 30
   Avg length: 6.33 chars

ðŸ“ˆ Word Frequencies (Top 10):
  javascript        5 â–ˆâ–ˆâ–ˆâ–ˆâ–ˆâ–ˆâ–ˆâ–ˆâ–ˆâ–ˆâ–ˆâ–ˆâ–ˆâ–ˆâ–ˆâ–ˆâ–ˆâ–ˆâ–ˆâ–ˆ 100.0%
  programming       3 â–ˆâ–ˆâ–ˆâ–ˆâ–ˆâ–ˆâ–ˆâ–ˆâ–ˆâ–ˆâ–ˆâ–ˆ 60.0%
  and               3 â–ˆâ–ˆâ–ˆâ–ˆâ–ˆâ–ˆâ–ˆâ–ˆâ–ˆâ–ˆâ–ˆâ–ˆ 60.0%
  is                2 â–ˆâ–ˆâ–ˆâ–ˆâ–ˆâ–ˆâ–ˆâ–ˆ 40.0%
  a                 1 â–ˆâ–ˆâ–ˆâ–ˆ 20.0%
  versatile         1 â–ˆâ–ˆâ–ˆâ–ˆ 20.0%
  language          1 â–ˆâ–ˆâ–ˆâ–ˆ 20.0%
  supports          1 â–ˆâ–ˆâ–ˆâ–ˆ 20.0%
  functional        1 â–ˆâ–ˆâ–ˆâ–ˆ 20.0%
  objectoriented    1 â–ˆâ–ˆâ–ˆâ–ˆ 20.0%

ðŸ”¤ Word Length Distribution:
   1 chars: â–“ (1)
   2 chars: â–“â–“â–“ (3)
   3 chars: â–“â–“â–“â–“â–“â–“â–“ (7)
   4 chars: â–“â–“â–“â–“ (4)
   5 chars: â–“ (1)
   6 chars: â–“ (1)
   7 chars: â–“â–“ (2)
   8 chars: â–“â–“â–“ (3)
   9 chars: â–“â–“ (2)
   10 chars: â–“â–“â–“ (3)
   11 chars: â–“â–“ (2)
   14 chars: â–“ (1)

âœ¨ Analysis complete!
