component = "print_args"
trace = "trace.json"
stdout = "stdout.txt"
stderr = "stderr.txt"
