{
  "events": [
    {
      "call": "arguments",
      "args": [
        "print_args.wasm",
        "hello",
        "world"
      ]
    },
    {
      "call": "arguments",
      "args": [
        "print_args.wasm",
        "hello",
        "world"
      ]
    }
  ]
}